../Core/Src/main.c:160:6:uprintf	144	static
../Core/Src/main.c:171:7:sign	16	static
../Core/Src/main.c:177:8:Prev_angle_Init	24	static
../Core/Src/main.c:196:6:mode_direction	16	static
../Core/Src/main.c:205:6:mode_direction_i	16	static
../Core/Src/main.c:215:7:saturation	16	static
../Core/Src/main.c:222:7:ADC_autocalibrate	32	static
../Core/Src/main.c:267:6:Filter_Init	32	static
../Core/Src/main.c:285:7:Filter_Process	24	static
../Core/Src/main.c:308:5:main	48	static
../Core/Src/main.c:451:6:SystemClock_Config	88	static
../Core/Src/main.c:498:13:MX_ADC1_Init	56	static
../Core/Src/main.c:566:13:MX_SPI1_Init	8	static
../Core/Src/main.c:606:13:MX_TIM3_Init	64	static
../Core/Src/main.c:665:13:MX_USART2_UART_Init	8	static
../Core/Src/main.c:711:13:MX_DMA_Init	16	static
../Core/Src/main.c:730:13:MX_GPIO_Init	48	static
../Core/Src/main.c:764:6:HAL_TIM_PeriodElapsedCallback	16	static
../Core/Src/main.c:775:6:HAL_ADC_ConvCpltCallback	16	static
../Core/Src/main.c:789:6:Error_Handler	4	static,ignoring_inline_asm
