../Core/Src/main.c:145:6:uprintf	144	static
../Core/Src/main.c:156:7:sign	16	static
../Core/Src/main.c:162:8:Prev_angle_Init	24	static
../Core/Src/main.c:181:6:mode_direction	16	static
../Core/Src/main.c:190:6:mode_direction_i	16	static
../Core/Src/main.c:200:7:saturation	16	static
../Core/Src/main.c:207:7:ADC_autocalibrate	24	static
../Core/Src/main.c:263:5:main	40	static
../Core/Src/main.c:390:6:SystemClock_Config	88	static
../Core/Src/main.c:437:13:MX_ADC1_Init	56	static
../Core/Src/main.c:505:13:MX_SPI1_Init	8	static
../Core/Src/main.c:545:13:MX_TIM3_Init	64	static
../Core/Src/main.c:604:13:MX_USART2_UART_Init	8	static
../Core/Src/main.c:650:13:MX_DMA_Init	16	static
../Core/Src/main.c:669:13:MX_GPIO_Init	48	static
../Core/Src/main.c:703:6:HAL_TIM_PeriodElapsedCallback	16	static
../Core/Src/main.c:714:6:HAL_ADC_ConvCpltCallback	16	static
../Core/Src/main.c:728:6:Error_Handler	4	static,ignoring_inline_asm
