../Core/Src/main.c:115:6:uprintf	144	static
../Core/Src/main.c:126:7:sign	16	static
../Core/Src/main.c:132:8:Prev_angle_Init	24	static
../Core/Src/main.c:151:6:mode_direction	16	static
../Core/Src/main.c:161:7:saturation	16	static
../Core/Src/main.c:168:7:ADC_autocalibrate	32	static
../Core/Src/main.c:224:5:main	40	static
../Core/Src/main.c:339:6:SystemClock_Config	88	static
../Core/Src/main.c:386:13:MX_ADC1_Init	56	static
../Core/Src/main.c:454:13:MX_SPI1_Init	8	static
../Core/Src/main.c:494:13:MX_TIM3_Init	64	static
../Core/Src/main.c:553:13:MX_USART2_UART_Init	8	static
../Core/Src/main.c:599:13:MX_DMA_Init	16	static
../Core/Src/main.c:618:13:MX_GPIO_Init	48	static
../Core/Src/main.c:652:6:HAL_TIM_PeriodElapsedCallback	16	static
../Core/Src/main.c:663:6:HAL_ADC_ConvCpltCallback	16	static
../Core/Src/main.c:677:6:Error_Handler	4	static,ignoring_inline_asm
