../Core/Src/main.c:143:6:uprintf	144	static
../Core/Src/main.c:154:7:sign	16	static
../Core/Src/main.c:160:8:Prev_angle_Init	24	static
../Core/Src/main.c:179:6:mode_direction	16	static
../Core/Src/main.c:188:6:mode_direction_i	16	static
../Core/Src/main.c:198:7:saturation	16	static
../Core/Src/main.c:205:7:ADC_autocalibrate	32	static
../Core/Src/main.c:261:5:main	40	static
../Core/Src/main.c:378:6:SystemClock_Config	88	static
../Core/Src/main.c:425:13:MX_ADC1_Init	56	static
../Core/Src/main.c:493:13:MX_SPI1_Init	8	static
../Core/Src/main.c:533:13:MX_TIM3_Init	64	static
../Core/Src/main.c:592:13:MX_USART2_UART_Init	8	static
../Core/Src/main.c:638:13:MX_DMA_Init	16	static
../Core/Src/main.c:657:13:MX_GPIO_Init	48	static
../Core/Src/main.c:691:6:HAL_TIM_PeriodElapsedCallback	16	static
../Core/Src/main.c:702:6:HAL_ADC_ConvCpltCallback	16	static
../Core/Src/main.c:716:6:Error_Handler	4	static,ignoring_inline_asm
