../Core/Src/main.c:91:6:uprintf	144	static
../Core/Src/main.c:102:7:sign	16	static
../Core/Src/main.c:108:8:Prev_angle_Init	24	static
../Core/Src/main.c:127:6:mode_direction	16	static
../Core/Src/main.c:136:7:saturation	16	static
../Core/Src/main.c:155:5:main	40	static
../Core/Src/main.c:287:6:SystemClock_Config	88	static
../Core/Src/main.c:334:13:MX_ADC1_Init	56	static
../Core/Src/main.c:402:13:MX_SPI1_Init	8	static
../Core/Src/main.c:442:13:MX_TIM3_Init	64	static
../Core/Src/main.c:501:13:MX_USART2_UART_Init	8	static
../Core/Src/main.c:547:13:MX_DMA_Init	16	static
../Core/Src/main.c:566:13:MX_GPIO_Init	48	static
../Core/Src/main.c:600:6:HAL_TIM_PeriodElapsedCallback	16	static
../Core/Src/main.c:611:6:HAL_ADC_ConvCpltCallback	16	static
../Core/Src/main.c:625:6:Error_Handler	4	static,ignoring_inline_asm
