14:41:37 **** Incremental Build of configuration Debug for project reserach_dc ****
make -j8 all 
arm-none-eabi-gcc "../Core/Src/main.c" -mcpu=cortex-m4 -std=gnu11 -g3 -DDEBUG -DUSE_HAL_DRIVER -DSTM32G474xx -c -I../Core/Inc -I../Drivers/STM32G4xx_HAL_Driver/Inc -I../Drivers/STM32G4xx_HAL_Driver/Inc/Legacy -I../Drivers/CMSIS/Device/ST/STM32G4xx/Include -I../Drivers/CMSIS/Include -O0 -ffunction-sections -fdata-sections -Wall -u_printf_float -fstack-usage -fcyclomatic-complexity -MMD -MP -MF"Core/Src/main.d" -MT"Core/Src/main.o" --specs=nano.specs -mfpu=fpv4-sp-d16 -mfloat-abi=hard -mthumb -o "Core/Src/main.o"
../Core/Src/main.c: In function 'main':
../Core/Src/main.c:311:27: warning: unused variable 'uart_div' [-Wunused-variable]
  311 |           static uint16_t uart_div = 0; // uart в цикле не юзать
      |                           ^~~~~~~~
arm-none-eabi-gcc -o "reserach_dc.elf" @"objects.list"   -mcpu=cortex-m4 -T"C:\Users\Александра\Documents\reserach_dc\reserach_dc\STM32G474RETX_FLASH.ld" --specs=nosys.specs -Wl,-Map="reserach_dc.map" -Wl,--gc-sections -static -u_printf_float --specs=nano.specs -mfpu=fpv4-sp-d16 -mfloat-abi=hard -mthumb -Wl,--start-group -lc -lm -Wl,--end-group
Finished building target: reserach_dc.elf
 
arm-none-eabi-size  reserach_dc.elf 
arm-none-eabi-objdump -h -S reserach_dc.elf  > "reserach_dc.list"
   text	   data	    bss	    dec	    hex	filename
  45356	    496	   2520	  48372	   bcf4	reserach_dc.elf
Finished building: default.size.stdout
 
Finished building: reserach_dc.list
 

14:41:40 Build Finished. 0 errors, 1 warnings. (took 2s.928ms)

